error[E0277]: the trait bound `ThereIsNoIteratorInRepetition: CheckHasIterator` is not satisfied
 --> tests/ui/does-not-have-iter.rs:4:5
  |
4 |     quote!(#(a b)*);
  |     ^^^^^^^^^^^^^^^ the trait `CheckHasIterator` is not implemented for `ThereIsNoIteratorInRepetition`
  |
  = help: the trait `CheckHasIterator` is implemented for `HasIterator`
  = note: this error originates in the macro `$crate::quote_token_with_context` which comes from the expansion of the macro `quote` (in Nightly builds, run with -Z macro-backtrace for more info)
